I'm sorry, but errors were detected in your script. Please correct the
errors listed below, and try again.


File "game/cqm/engine/screens/filterUnderDevQuests.rpy", line 18: u'show' is not a keyword argument or valid child for the hbox statement.
    show screen "filterAllQuests"
        ^

Ren'Py Version: Ren'Py 7.4.11.2266
Fri May 27 20:23:04 2022
